// Jest Snapshot v1, https://goo.gl/fbAQLP

exports[`Pruebas en <GifItem /> debe de hacer match con el snapshot 1`] = `
<div>
  <div
    class="card"
  >
    <img
      alt="Goku ssj4"
      src="https://enzodure.com/"
    />
    <p>
      Goku ssj4
    </p>
  </div>
</div>
`;
